<html>
<body>
<pre>
<h1>킮ision Build Log</h1>
<h2>Tool Versions:</h2>
IDE-Version: μVision V5.24.2.0
Copyright (C) 2017 ARM Ltd and ARM Germany GmbH. All rights reserved.
License Information: Hyundo Lee, SNU, LIC=PWSIK-Z4SID-A4T9A-EH8ZU-47UGM-XKR90
 
Tool Versions:
Toolchain:       MDK-ARM Cortex-M0/M0+ 256K for ST  Version: 5.24.1
Toolchain Path:  C:\Keil_v5\ARM\ARMCC\Bin
C Compiler:      Armcc.exe V5.06 update 5 (build 528)
Assembler:       Armasm.exe V5.06 update 5 (build 528)
Linker/Locator:  ArmLink.exe V5.06 update 5 (build 528)
Library Manager: ArmAr.exe V5.06 update 5 (build 528)
Hex Converter:   FromElf.exe V5.06 update 5 (build 528)
CPU DLL:         SARMCM3.DLL V5.24.1
Dialog DLL:      DARMCM1.DLL V1.18.0.0
Target DLL:      STLink\ST-LINKIII-KEIL_SWO.dll V3.0.1.0
Dialog DLL:      TARMCM1.DLL V1.13.0.0
 
<h2>Project:</h2>
D:\Users\현도\Documents\수업자료\Computer Network\prj\NetworkProject2017\STM32CubeExpansion_LRWAN_V1.1.2\Projects\Multi\Applications\LoRa\End_Node\MDK-ARM\STM32L073RZ-Nucleo\Lora.uvprojx
Project File Date:  12/04/2017

<h2>Output:</h2>
*** Using Compiler 'V5.06 update 5 (build 528)', folder: 'C:\Keil_v5\ARM\ARMCC\Bin'
Build target 'sx1272mb2das'
compiling RegionAU915.c...
compiling RegionCN470.c...
compiling RegionAS923.c...
compiling Region.c...
compiling lora.c...
compiling main.c...
compiling LoRaMac.c...
compiling RegionCommon.c...
compiling RegionEU868.c...
compiling RegionCN779.c...
compiling RegionUS915.c...
compiling RegionEU433.c...
compiling RegionIN865.c...
compiling RegionKR920.c...
compiling RegionUS915-Hybrid.c...
linking...
Program Size: Code=40928 RO-data=1492 RW-data=412 ZI-data=4276  
FromELF: creating hex file...
".\sx1272mb2das\NUCLEO_CUBE_LORA.axf" - 0 Error(s), 0 Warning(s).

<h2>Software Packages used:</h2>

Package Vendor: Keil
                http://www.keil.com/pack/Keil.STM32L0xx_DFP.1.6.1.pack
                Keil.STM32L0xx_DFP.1.6.1
                STMicroelectronics STM32L0 Series Device Support and Examples

<h2>Collection of Component include folders:</h2>
  .\RTE\_sx1272mb2das
  C:\Keil_v5\ARM\PACK\Keil\STM32L0xx_DFP\1.6.1\Device\Include

<h2>Collection of Component Files used:</h2>
Build Time Elapsed:  00:00:11
</pre>
</body>
</html>
